- info Loaded env from /Users/eugeneko/Documents/EKO_DEV/SUB_TUBE/youtube_translation_fe/.env
- info Linting and checking validity of types...

Failed to compile.

./src/components/cloud-software/captionizer/components/exclude-translation/caption-content/caption-item/index.tsx
24:6  Warning: React Hook useEffect has a missing dependency: 'defaultCaptionDetail?.text'. Either include it or remove the dependency array.  react-hooks/exhaustive-deps

./src/components/cloud-software/captionizer/components/exclude-translation/caption-content/index.tsx
28:10  Warning: '_' is assigned a value but never used.  @typescript-eslint/no-unused-vars

./src/components/cloud-software/captionizer/components/review-translation/index.tsx
99:5  Warning: React Hook useMemo has unnecessary dependencies: 'listTranslationLanguage', 'listTranslationLanguageError', 'listVideoTranslated', and 'loadingTranslate'. Either exclude them or remove the dependency array.  react-hooks/exhaustive-deps

./src/components/cloud-software/captionizer/index.utils.ts
204:34  Error: Insert `·`  prettier/prettier

./src/components/cloud-software/translator/components/review-translation/index.tsx
50:6  Warning: React Hook useEffect has a missing dependency: 'listVideoTranslated'. Either include it or remove the dependency array.  react-hooks/exhaustive-deps
78:6  Warning: React Hook useEffect has a missing dependency: 't'. Either include it or remove the dependency array.  react-hooks/exhaustive-deps
210:5  Warning: React Hook useMemo has unnecessary dependencies: 'listTranslationLanguage', 'listTranslationLanguageError', 'listVideoTranslated', and 'loadingTranslate'. Either exclude them or remove the dependency array.  react-hooks/exhaustive-deps

./src/components/cloud-software/translator/components/select-video/index.tsx
68:6  Warning: React Hook useEffect has a missing dependency: 'onReachBottom'. Either include it or remove the dependency array.  react-hooks/exhaustive-deps

./src/components/cloud-software/translator/index.utils.ts
247:6  Warning: React Hook useEffect has a missing dependency: 'refreshVideo'. Either include it or remove the dependency array.  react-hooks/exhaustive-deps

./src/components/cloud-software/youtube-account/index.tsx
127:1  Error: Delete `··`  prettier/prettier

./src/components/modals/modal-plan/index.tsx
57:6  Warning: React Hook useMemo has an unnecessary dependency: 'user'. Either exclude it or remove the dependency array.  react-hooks/exhaustive-deps

./src/components/modals/modal-plan-overview/index.tsx
377:6  Warning: React Hook useMemo has unnecessary dependencies: 'user.changeRank' and 'user.expire_date'. Either exclude them or remove the dependency array.  react-hooks/exhaustive-deps

./src/components/modals/modal-reminder/index.tsx
60:6  Warning: React Hook useMemo has an unnecessary dependency: 'user'. Either exclude it or remove the dependency array.  react-hooks/exhaustive-deps

info  - Need to disable some ESLint rules? Learn more here: https://nextjs.org/docs/basic-features/eslint#disabling-rules
